Log started at 04/04/2026 23:33:45 (2026-04-04T20:33:45Z)
Resolved project argument C:/Repos/Lightbringer/Lightbringer.uproject to C:\Repos\Lightbringer\Lightbringer.uproject
No config file at C:\ProgramData\Unreal Engine\UnrealBuildTool\BuildConfiguration.xml
No config file at C:\Users\User\AppData\Local\Unreal Engine\UnrealBuildTool\BuildConfiguration.xml
No config file at C:\Users\User\Documents\Unreal Engine\UnrealBuildTool\BuildConfiguration.xml
Configuration will be read from:
  C:\Users\User\AppData\Roaming\Unreal Engine\UnrealBuildTool\BuildConfiguration.xml
No project scope config file at C:\Repos\Lightbringer\Saved\UnrealBuildTool\BuildConfiguration.xml. Creating default.
Reading configuration file from: C:\Users\User\AppData\Roaming\Unreal Engine\UnrealBuildTool\BuildConfiguration.xml
Reading configuration file from: C:\Repos\Lightbringer\Saved\UnrealBuildTool\BuildConfiguration.xml
Reading configuration file from: C:\Users\User\AppData\Local\UnrealEngine\Intermediate\Build\UnrealBuildTool.Env.BuildConfiguration.xml
Log file: C:\Repos\Lightbringer\Saved\Logs\UnrealVersionSelector-2026.04.04-23.33.44.log

Setting temp directory to 'C:\Users\User\AppData\Local\Temp\UnrealBuildTool\1736f538'
    Registering build platform: UnrealBuildTool.AndroidPlatformFactory
Unable to find valid SDK(s) for Android:
  Found Sdk Version, MinRequired=r27c, MaxRequired=r28c.
  Found AutoSdk Version, Required=r27c.
        Registering build platform: Android - buildable: False
    Registering build platform: UnrealBuildTool.IOSPlatformFactory
    Registering build platform: UnrealBuildTool.LinuxPlatformFactory
    Registering build platform: UnrealBuildTool.MacPlatformFactory
    Registering build platform: UnrealBuildTool.TVOSPlatformFactory
    Registering build platform: UnrealBuildTool.WindowsPlatformFactory
Found Windows 10 SDK root at C:\Program Files (x86)\Windows Kits\10 (1)
Found Windows 10 SDK root at C:\Program Files (x86)\Windows Kits\10 (2)
Found Windows 10 SDK version 10.0.19041.0 at C:\Program Files (x86)\Windows Kits\10
Found Universal CRT version 10.0.19041.0 at C:\Program Files (x86)\Windows Kits\10
Found Windows 10 SDK version 10.0.26100.0 at C:\Program Files (x86)\Windows Kits\10
Found Universal CRT version 10.0.26100.0 at C:\Program Files (x86)\Windows Kits\10
Win64 Installed SDK(s): MinVersion_Sdk=10.0.19041.0, MaxVersion_Sdk=10.9.99999.0, CurrentVersion_Sdk=10.0.26100.0, Version_AutoSdk=10.0.22621.0, CurrentVersion_AutoSdk=
        Registering build platform: Win64 - buildable: True
    Registering build platform: UnrealBuildTool.VisionOSPlatformFactory
Resolved project argument C:/Repos/Lightbringer/Lightbringer.uproject to C:\Repos\Lightbringer\Lightbringer.uproject
Reading configuration file from cache (C:\Repos\Lightbringer\Intermediate\Build\XmlConfigCache.bin): C:\Users\User\AppData\Roaming\Unreal Engine\UnrealBuildTool\BuildConfiguration.xml
Reading configuration file from cache (C:\Repos\Lightbringer\Intermediate\Build\XmlConfigCache.bin): C:\Repos\Lightbringer\Saved\UnrealBuildTool\BuildConfiguration.xml
Reading configuration file from cache (C:\Repos\Lightbringer\Intermediate\Build\XmlConfigCache.bin): C:\Users\User\AppData\Local\UnrealEngine\Intermediate\Build\UnrealBuildTool.Env.BuildConfiguration.xml
Registering project generator UnrealBuildTool.AndroidProjectGenerator for Android
Registering project generator UnrealBuildTool.IOSProjectGenerator for IOS
Skipping project file generator registration for IOS due to no valid BuildPlatform.
Registering project generator UnrealBuildTool.LinuxProjectGenerator for Linux
Skipping project file generator registration for Linux due to no valid BuildPlatform.
Registering project generator UnrealBuildTool.LinuxProjectGenerator for LinuxArm64
Skipping project file generator registration for LinuxArm64 due to no valid BuildPlatform.
Registering project generator UnrealBuildTool.MacProjectGenerator for Mac
Skipping project file generator registration for Mac due to no valid BuildPlatform.
Registering project generator UnrealBuildTool.TVOSProjectGenerator for TVOS
Skipping project file generator registration for TVOS due to no valid BuildPlatform.
Registering project generator UnrealBuildTool.WindowsProjectGenerator for Win64
Registering project generator UnrealBuildTool.VisionOSProjectGenerator for VisionOS
Skipping project file generator registration for VisionOS due to no valid BuildPlatform.

---   SDK INFO START   ---

Some Platforms were skipped due to invalid SDK setup: Android.
See the log file for detailed information

---   SDK INFO END   ---


Generating VisualStudio2022 project files:
Discovering modules, targets and source code for project...
Found VisualStudioUnsupported installation: C:\Program Files (x86)\Microsoft Visual Studio\2019\BuildTools (Product=Microsoft.VisualStudio.Product.BuildTools, Version=16.11.37027.11)
Found VisualStudio2026 installation: C:\Program Files\Microsoft Visual Studio\18\Community (Product=Microsoft.VisualStudio.Product.Community, Version=18.4.11626.88)
Found VisualStudio2026 installation: C:\Program Files\Microsoft SQL Server Management Studio 22\Release (Product=Microsoft.VisualStudio.Product.Ssms, Version=22.4.11612.150)
Visual Studio C++ 2022 installation not found - ignoring preferred project file format.
Found Visual Studio toolchain: C:\Program Files\Microsoft Visual Studio\18\Community\VC\Tools\MSVC\14.50.35717 (Family=14.50.35717, FamilyRank=1, Version=14.50.35728, HostArchitecture=x64, ReleaseChannel=Latest, Architecture=x64, Error=False, Redist=C:\Program Files\Microsoft Visual Studio\18\Community\VC\Redist\MSVC\14.50.35710)
Found Visual Studio toolchain: C:\Program Files\Microsoft Visual Studio\18\Community\VC\Tools\MSVC\14.50.35717 (Family=14.50.35717, FamilyRank=1, Version=14.50.35728, HostArchitecture=x64, ReleaseChannel=Latest, Architecture=arm64, Error=False, Redist=C:\Program Files\Microsoft Visual Studio\18\Community\VC\Redist\MSVC\14.50.35710)
Found Visual Studio toolchain: C:\Program Files\Microsoft Visual Studio\18\Community\VC\Tools\MSVC\14.50.35717 (Family=14.50.35717, FamilyRank=1, Version=14.50.35728, HostArchitecture=x64, ReleaseChannel=Latest, Architecture=arm64ec, Error=False, Redist=C:\Program Files\Microsoft Visual Studio\18\Community\VC\Redist\MSVC\14.50.35710)
Detected supported platforms: Win64, Android
Adding projects for all targets...
Skipping C:\Programs\UE_5.7\Engine\Intermediate\Build\BuildRules\UE5Rules.dll: File is installed
Skipping C:\Programs\UE_5.7\Engine\Intermediate\Build\BuildRules\UE5ProgramRules.dll: File is installed
Compiling C:\Repos\Lightbringer\Intermediate\Build\BuildRules\LightbringerModuleRules.dll: Assembly does not exist
Adding projects for all targets took 1.81s
Visual Studio 2022 x64 must be installed in order to build this target.
BuildException: Visual Studio 2022 x64 must be installed in order to build this target.
   at UnrealBuildBase.Parallel2.ForEach[TSource](IEnumerable`1 source, Action`1 body, Int32 helperCount, Boolean useTasks) in D:\build\++UE5\Sync\Engine\Source\Programs\Shared\EpicGames.Build\System\Parallel2.cs:line 119
   at UnrealBuildTool.ProjectFileGenerator.AddProjectsForAllTargets(PlatformProjectGeneratorCollection PlatformProjectGenerators, List`1 AllGames, List`1 AllTargetFiles, String[] Arguments, List`1 EngineProjects, List`1 GameProjects, Dictionary`2 ProjectFileToUProjectFile, Dictionary`2 ProgramProjects, Dictionary`2 RulesAssemblies, ILogger Logger) in D:\build\++UE5\Sync\Engine\Source\Programs\UnrealBuildTool\ProjectFiles\ProjectFileGenerator.cs:line 3093
   at UnrealBuildTool.ProjectFileGenerator.GenerateProjectFiles(PlatformProjectGeneratorCollection PlatformProjectGenerators, String[] Arguments, ILogger Logger) in D:\build\++UE5\Sync\Engine\Source\Programs\UnrealBuildTool\ProjectFiles\ProjectFileGenerator.cs:line 1160
   at UnrealBuildTool.GenerateProjectFilesMode.ExecuteAsync(CommandLineArguments Arguments, ILogger Logger) in D:\build\++UE5\Sync\Engine\Source\Programs\UnrealBuildTool\Modes\GenerateProjectFilesMode.cs:line 270
   at UnrealBuildTool.UnrealBuildTool.Main(String[] ArgumentsArray) in D:\build\++UE5\Sync\Engine\Source\Programs\UnrealBuildTool\UnrealBuildTool.cs:line 653
WriteFileIfChanged() wrote 0 changed files of 4 requested writes.

Result: Failed (OtherCompilationError)
Total execution time: 2.45 seconds
